After insert, fetched product #48:
Array
(
    [id] => 48
    [name] => Jersey midi dress with cut
    [description] => test
    [base_price] => 100.00
    [weight] => 
    [category_id] => 7
    [created_at] => 2025-10-15 22:09:48
    [is_top] => 1
    [is_active] => 1
)

After insert, fetched product #52:
Array
(
    [id] => 52
    [name] => Jersey midi dress with cut
    [description] => test
    [base_price] => 100.00
    [weight] => 
    [category_id] => 7
    [created_at] => 2025-10-15 22:41:36
    [is_top] => 1
    [is_active] => 1
)

After insert, fetched product #53:
Array
(
    [id] => 53
    [name] => Jersey midi dress with cut
    [description] => test
    [base_price] => 100.00
    [weight] => 
    [category_id] => 7
    [created_at] => 2025-10-15 22:44:12
    [is_top] => 1
    [is_active] => 1
)

After insert, fetched product #54:
Array
(
    [id] => 54
    [name] => Jersey midi dress with cut
    [description] => test
    [base_price] => 100.00
    [weight] => 
    [category_id] => 7
    [created_at] => 2025-10-15 22:49:54
    [is_top] => 1
    [is_active] => 1
)

After insert, fetched product #55:
Array
(
    [id] => 55
    [name] => Jersey midi dress with cut
    [description] => test
    [base_price] => 100.00
    [weight] => 
    [category_id] => 7
    [created_at] => 2025-10-15 23:07:02
    [is_top] => 1
    [is_active] => 1
)

After insert, fetched product #56:
Array
(
    [id] => 56
    [name] => Jersey midi dress with cut
    [description] => test
    [base_price] => 100.00
    [weight] => 
    [category_id] => 7
    [created_at] => 2025-10-15 23:13:16
    [is_top] => 1
    [is_active] => 1
)

After insert, fetched product #57:
Array
(
    [id] => 57
    [name] => Jersey midi dress with cut
    [description] => test
    [base_price] => 100.00
    [weight] => 
    [category_id] => 7
    [created_at] => 2025-10-15 23:42:58
    [is_top] => 1
    [is_active] => 1
)

After insert, fetched product #58:
Array
(
    [id] => 58
    [name] => Test
    [description] => test
    [base_price] => 100.00
    [weight] => 
    [category_id] => 7
    [created_at] => 2025-10-15 23:59:36
    [is_top] => 1
    [is_active] => 1
)

After insert, fetched product #59:
Array
(
    [id] => 59
    [name] => Test
    [description] => test
    [base_price] => 100.00
    [weight] => 
    [category_id] => 7
    [created_at] => 2025-10-16 00:04:51
    [is_top] => 1
    [is_active] => 1
)

After insert, fetched product #60:
Array
(
    [id] => 60
    [name] => Test3
    [description] => test
    [base_price] => 100.00
    [weight] => 
    [category_id] => 7
    [created_at] => 2025-10-16 00:06:23
    [is_top] => 1
    [is_active] => 1
)

After insert, fetched product #61:
Array
(
    [id] => 61
    [name] => Test3
    [description] => test
    [base_price] => 100.00
    [weight] => 
    [category_id] => 7
    [created_at] => 2025-10-16 00:06:41
    [is_top] => 1
    [is_active] => 1
)

After insert, fetched product #62:
Array
(
    [id] => 62
    [name] => Test3
    [description] => test
    [base_price] => 100.00
    [weight] => 
    [category_id] => 7
    [created_at] => 2025-10-16 00:07:58
    [is_top] => 1
    [is_active] => 1
)

After insert, fetched product #63:
Array
(
    [id] => 63
    [name] => Test3
    [description] => test
    [base_price] => 100.00
    [weight] => 
    [category_id] => 7
    [created_at] => 2025-10-16 00:08:12
    [is_top] => 1
    [is_active] => 1
)

After insert, fetched product #64:
Array
(
    [id] => 64
    [name] => Jersey midi dress with cut
    [description] => test
    [base_price] => 100.00
    [weight] => 
    [category_id] => 7
    [created_at] => 2025-10-16 13:16:15
    [is_top] => 1
    [is_active] => 1
)

After insert, fetched product #65:
Array
(
    [id] => 65
    [name] => Test
    [description] => test
    [base_price] => 100.00
    [weight] => 
    [category_id] => 7
    [created_at] => 2025-10-16 13:45:10
    [is_top] => 1
    [is_active] => 1
)

After insert, fetched product #66:
Array
(
    [id] => 66
    [name] => Test
    [description] => test
    [base_price] => 100.00
    [weight] => 
    [category_id] => 7
    [created_at] => 2025-10-16 13:46:34
    [is_top] => 1
    [is_active] => 1
)

After insert, fetched product #67:
Array
(
    [id] => 67
    [name] => Test
    [description] => test
    [base_price] => 100.00
    [weight] => 
    [category_id] => 7
    [created_at] => 2025-10-16 13:48:21
    [is_top] => 1
    [is_active] => 1
)

After insert, fetched product #74:
Array
(
    [id] => 74
    [name] => Test
    [description] => test
    [base_price] => 100.00
    [weight] => 
    [category_id] => 11
    [created_at] => 2025-10-26 19:29:09
    [is_top] => 1
    [is_active] => 1
)

After insert, fetched product #80:
Array
(
    [id] => 80
    [name] => Blazer
    [description] => test
    [base_price] => 100.00
    [weight] => 
    [category_id] => 11
    [created_at] => 2025-10-30 21:07:39
    [is_top] => 1
    [is_active] => 1
)

After insert, fetched product #81:
Array
(
    [id] => 81
    [name] => Blazer
    [description] => test
    [base_price] => 100.00
    [weight] => 
    [category_id] => 11
    [created_at] => 2025-10-30 21:34:03
    [is_top] => 1
    [is_active] => 1
)

After insert, fetched product #82:
Array
(
    [id] => 82
    [name] => Blazer
    [description] => test
    [base_price] => 100.00
    [weight] => 
    [category_id] => 11
    [created_at] => 2025-10-30 21:46:00
    [is_top] => 1
    [is_active] => 1
)

After insert, fetched product #83:
Array
(
    [id] => 83
    [name] => Jacket
    [description] => test
    [base_price] => 200.00
    [weight] => 
    [category_id] => 10
    [created_at] => 2025-10-30 22:30:26
    [is_top] => 1
    [is_active] => 1
)

After insert, fetched product #84:
Array
(
    [id] => 84
    [name] => Jacket
    [description] => test
    [base_price] => 300.00
    [weight] => 
    [category_id] => 10
    [created_at] => 2025-10-30 22:31:31
    [is_top] => 1
    [is_active] => 1
)

After insert, fetched product #85:
Array
(
    [id] => 85
    [name] => Jacket
    [description] => test
    [base_price] => 400.00
    [weight] => 
    [category_id] => 10
    [created_at] => 2025-10-30 22:33:15
    [is_top] => 1
    [is_active] => 1
)

After insert, fetched product #86:
Array
(
    [id] => 86
    [name] => Blazer
    [description] => test
    [base_price] => 600.00
    [weight] => 
    [category_id] => 11
    [created_at] => 2025-11-01 10:57:09
    [is_top] => 0
    [is_active] => 1
)

After insert, fetched product #87:
Array
(
    [id] => 87
    [name] => Test1
    [description] => test
    [base_price] => 700.00
    [weight] => 
    [category_id] => 11
    [created_at] => 2025-11-01 11:20:31
    [is_top] => 0
    [is_active] => 1
)

After insert, fetched product #88:
Array
(
    [id] => 88
    [name] => Test1
    [description] => test
    [base_price] => 700.00
    [weight] => 
    [category_id] => 11
    [created_at] => 2025-11-01 11:20:38
    [is_top] => 0
    [is_active] => 1
)

After insert, fetched product #89:
Array
(
    [id] => 89
    [name] => Test1
    [description] => test
    [base_price] => 700.00
    [weight] => 
    [category_id] => 11
    [created_at] => 2025-11-01 11:20:45
    [is_top] => 0
    [is_active] => 1
)

After insert, fetched product #90:
Array
(
    [id] => 90
    [name] => Test1
    [description] => test
    [base_price] => 700.00
    [weight] => 
    [category_id] => 11
    [created_at] => 2025-11-01 11:20:52
    [is_top] => 0
    [is_active] => 1
)

After insert, fetched product #91:
Array
(
    [id] => 91
    [name] => Test1
    [description] => test
    [base_price] => 700.00
    [weight] => 
    [category_id] => 11
    [created_at] => 2025-11-01 11:21:01
    [is_top] => 0
    [is_active] => 1
)

After insert, fetched product #92:
Array
(
    [id] => 92
    [name] => Test1
    [description] => test
    [base_price] => 700.00
    [weight] => 
    [category_id] => 11
    [created_at] => 2025-11-01 11:21:06
    [is_top] => 0
    [is_active] => 1
)

After insert, fetched product #93:
Array
(
    [id] => 93
    [name] => Test1
    [description] => test
    [base_price] => 700.00
    [weight] => 
    [category_id] => 11
    [created_at] => 2025-11-01 11:21:12
    [is_top] => 0
    [is_active] => 1
)

After insert, fetched product #94:
Array
(
    [id] => 94
    [name] => Test1
    [description] => test
    [base_price] => 700.00
    [weight] => 
    [category_id] => 11
    [created_at] => 2025-11-01 11:25:36
    [is_top] => 0
    [is_active] => 1
)

After insert, fetched product #95:
Array
(
    [id] => 95
    [name] => Test2
    [description] => test
    [base_price] => 800.00
    [weight] => 
    [category_id] => 11
    [created_at] => 2025-11-01 17:47:11
    [is_top] => 0
    [is_active] => 1
)

After insert, fetched product #96:
Array
(
    [id] => 96
    [name] => Test3
    [description] => test
    [base_price] => 75.00
    [weight] => 
    [category_id] => 11
    [created_at] => 2025-11-20 13:39:16
    [is_top] => 1
    [is_active] => 1
)

After insert, fetched product #97:
Array
(
    [id] => 97
    [name] => Jersey midi dress with cut
    [description] => test
    [base_price] => 25.00
    [weight] => 
    [category_id] => 10
    [created_at] => 2026-02-08 18:20:02
    [is_top] => 0
    [is_active] => 1
)

After insert, fetched product #98:
Array
(
    [id] => 98
    [name] => Jersey midi dress with cut
    [description] => test
    [base_price] => 33.99
    [weight] => 
    [category_id] => 10
    [created_at] => 2026-02-08 18:42:37
    [is_top] => 0
    [is_active] => 1
)

After insert, fetched product #99:
Array
(
    [id] => 99
    [name] => Test4
    [description] => test
    [base_price] => 29.99
    [weight] => 
    [category_id] => 11
    [created_at] => 2026-02-08 18:49:25
    [is_top] => 0
    [is_active] => 1
)

