
Inserted Variant: Product #56 | Color 23 | Size 6 | Price 100 | Qty 10
Response: Array
(
    [status] => success
    [product_id] => 56
    [message] => Product with variants and images added successfully
)

Inserted Variant: Product #57 | Color 23 | Size 7 | Price 100 | Qty 10
Response: Array
(
    [status] => success
    [product_id] => 57
    [message] => Product with variants and images added successfully
)

Inserted Variant: Product #58 | Color 23 | Size 7 | Price 100 | Qty 10
Response: Array
(
    [status] => success
    [product_id] => 58
    [message] => Product with variants and images added successfully
)

Inserted Variant: Product #59 | Color 23 | Size 7 | Price 100 | Qty 10
Response: Array
(
    [status] => success
    [product_id] => 59
    [message] => Product with variants and images added successfully
)

[2025-10-15 23:06:23] [ProductController::addProduct] ERROR: No variants
Response: Array
(
    [status] => error
    [message] => No Variants Provided
)

Variant insert failed: Color or Size ID missing when creating variant.
[2025-10-15 23:06:41] [ProductController::addProduct] ERROR: Failed to add images: SQLSTATE[23000]: Integrity constraint violation: 1452 Cannot add or update a child row: a foreign key constraint fails (`ego`.`product_images`, CONSTRAINT `fk_product_images_variant` FOREIGN KEY (`variant_id`) REFERENCES `product_variants` (`id`) ON DELETE SET NULL ON UPDATE CASCADE)
Response: Array
(
    [status] => error
    [message] => Failed to add images: SQLSTATE[23000]: Integrity constraint violation: 1452 Cannot add or update a child row: a foreign key constraint fails (`ego`.`product_images`, CONSTRAINT `fk_product_images_variant` FOREIGN KEY (`variant_id`) REFERENCES `product_variants` (`id`) ON DELETE SET NULL ON UPDATE CASCADE)
)

Variant insert failed: Color or Size ID missing when creating variant.
[2025-10-15 23:07:59] [ProductController::addProduct] ERROR: Failed to add images: SQLSTATE[23000]: Integrity constraint violation: 1452 Cannot add or update a child row: a foreign key constraint fails (`ego`.`product_images`, CONSTRAINT `fk_product_images_variant` FOREIGN KEY (`variant_id`) REFERENCES `product_variants` (`id`) ON DELETE SET NULL ON UPDATE CASCADE)
Response: Array
(
    [status] => error
    [message] => Failed to add images: SQLSTATE[23000]: Integrity constraint violation: 1452 Cannot add or update a child row: a foreign key constraint fails (`ego`.`product_images`, CONSTRAINT `fk_product_images_variant` FOREIGN KEY (`variant_id`) REFERENCES `product_variants` (`id`) ON DELETE SET NULL ON UPDATE CASCADE)
)

Inserted Variant: Product #63 | Color 23 | Size 6 | Price 100 | Qty 10
Response: Array
(
    [status] => success
    [product_id] => 63
    [message] => Product with variants and images added successfully
)

Response: Array
(
    [status] => error
    [message] => Please upload at least one product image.
)

Variant insert failed: Color or Size ID missing when creating variant.
[2025-10-16 12:16:15] [ProductController::addProduct] ERROR: Failed to add images: SQLSTATE[23000]: Integrity constraint violation: 1452 Cannot add or update a child row: a foreign key constraint fails (`ego`.`product_images`, CONSTRAINT `fk_product_images_variant` FOREIGN KEY (`variant_id`) REFERENCES `product_variants` (`id`) ON DELETE SET NULL ON UPDATE CASCADE)
Response: Array
(
    [status] => error
    [message] => Failed to add images: SQLSTATE[23000]: Integrity constraint violation: 1452 Cannot add or update a child row: a foreign key constraint fails (`ego`.`product_images`, CONSTRAINT `fk_product_images_variant` FOREIGN KEY (`variant_id`) REFERENCES `product_variants` (`id`) ON DELETE SET NULL ON UPDATE CASCADE)
)

Response: Array
(
    [status] => error
    [message] => Each variant must have a color selected.
)

Response: Array
(
    [status] => error
    [message] => Each variant must have a size selected.
)

Inserted Variant: Product #65 | Color 23 | Size 7 | Price 100 | Qty 0
[2025-10-16 12:45:11] [ProductController::addProduct] ERROR: Image upload error for 
Response: Array
(
    [status] => error
    [message] => Image upload error for 
)

Inserted Variant: Product #66 | Color 23 | Size 7 | Price 100 | Qty 10
[2025-10-16 12:46:34] [ProductController::addProduct] ERROR: Image upload error for 
Response: Array
(
    [status] => error
    [message] => Image upload error for 
)

Inserted Variant: Product #67 | Color 23 | Size 6 | Price 100 | Qty 10
Response: Array
(
    [status] => success
    [product_id] => 67
    [message] => Product with variants and images added successfully
)

Response: Array
(
    [status] => error
    [message] => Each variant must have a valid quantity (0 or more).
)

Response: Array
(
    [status] => error
    [message] => Each variant must have a size selected.
)

Inserted Variant: Product #74 | Color 23 | Size 6 | Price 0 | Qty 10
Response: Array
(
    [status] => success
    [product_id] => 74
    [message] => Product with variants and images added successfully
)

Updating product #79 to status=0
Updating product #79 to status=1
Inserted Variant: Product #80 | Color 23 | Size 7 | Price 0 | Qty 10
Response: Array
(
    [status] => success
    [product_id] => 80
    [message] => Product with variants and images added successfully
)

Inserted Variant: Product #80 | Color 23 | Size 6 | Price 0 | Qty 10
Inserted Variant: Product #81 | Color 24 | Size 7 | Price 0 | Qty 10
Response: Array
(
    [status] => success
    [product_id] => 81
    [message] => Product with variants and images added successfully
)

Inserted Variant: Product #82 | Color 24 | Size 7 | Price 0 | Qty 100
Response: Array
(
    [status] => success
    [product_id] => 82
    [message] => Product with variants and images added successfully
)

Inserted Variant: Product #83 | Color 24 | Size 5 | Price 0 | Qty 10
Response: Array
(
    [status] => success
    [product_id] => 83
    [message] => Product with variants and images added successfully
)

Inserted Variant: Product #84 | Color 23 | Size 6 | Price 0 | Qty 10
Response: Array
(
    [status] => success
    [product_id] => 84
    [message] => Product with variants and images added successfully
)

Inserted Variant: Product #85 | Color 23 | Size 7 | Price 0 | Qty 10
Response: Array
(
    [status] => success
    [product_id] => 85
    [message] => Product with variants and images added successfully
)

Inserted Variant: Product #86 | Color 16 | Size 6 | Price 0 | Qty 10
Response: Array
(
    [status] => success
    [product_id] => 86
    [message] => Product with variants and images added successfully
)

Response: Array
(
    [status] => error
    [message] => Please upload at least one product image.
)

Response: Array
(
    [status] => error
    [message] => Please upload at least one product image.
)

Response: Array
(
    [status] => error
    [message] => Please upload at least one product image.
)

Inserted Variant: Product #87 | Color 16 | Size 5 | Price 0 | Qty 10
Inserted Variant: Product #87 | Color 16 | Size 4 | Price 0 | Qty 10
[2025-11-01 10:20:31] [ProductController::addProduct] ERROR: Image upload error for blazer.webp
Response: Array
(
    [status] => error
    [message] => Image upload error for blazer.webp
)

Inserted Variant: Product #88 | Color 16 | Size 5 | Price 0 | Qty 10
Inserted Variant: Product #88 | Color 16 | Size 4 | Price 0 | Qty 10
[2025-11-01 10:20:38] [ProductController::addProduct] ERROR: Image upload error for blazer.webp
Response: Array
(
    [status] => error
    [message] => Image upload error for blazer.webp
)

Inserted Variant: Product #89 | Color 16 | Size 5 | Price 0 | Qty 10
Inserted Variant: Product #89 | Color 16 | Size 4 | Price 0 | Qty 10
[2025-11-01 10:20:45] [ProductController::addProduct] ERROR: Image upload error for blazer.webp
Response: Array
(
    [status] => error
    [message] => Image upload error for blazer.webp
)

Inserted Variant: Product #90 | Color 16 | Size 5 | Price 0 | Qty 10
Inserted Variant: Product #90 | Color 16 | Size 4 | Price 0 | Qty 10
[2025-11-01 10:20:52] [ProductController::addProduct] ERROR: Image upload error for blazer.webp
Response: Array
(
    [status] => error
    [message] => Image upload error for blazer.webp
)

Inserted Variant: Product #91 | Color 16 | Size 5 | Price 0 | Qty 10
Inserted Variant: Product #91 | Color 16 | Size 4 | Price 0 | Qty 10
[2025-11-01 10:21:01] [ProductController::addProduct] ERROR: Image upload error for blazer.webp
Response: Array
(
    [status] => error
    [message] => Image upload error for blazer.webp
)

Inserted Variant: Product #92 | Color 16 | Size 5 | Price 0 | Qty 10
Inserted Variant: Product #92 | Color 16 | Size 4 | Price 0 | Qty 10
[2025-11-01 10:21:06] [ProductController::addProduct] ERROR: Image upload error for blazer.webp
Response: Array
(
    [status] => error
    [message] => Image upload error for blazer.webp
)

Inserted Variant: Product #93 | Color 16 | Size 5 | Price 0 | Qty 10
Inserted Variant: Product #93 | Color 16 | Size 4 | Price 0 | Qty 10
[2025-11-01 10:21:12] [ProductController::addProduct] ERROR: Image upload error for blazer.webp
Response: Array
(
    [status] => error
    [message] => Image upload error for blazer.webp
)

Inserted Variant: Product #94 | Color 16 | Size 5 | Price 0 | Qty 10
Inserted Variant: Product #94 | Color 16 | Size 4 | Price 0 | Qty 10
Inserted Variant: Product #94 | Color 23 | Size 6 | Price 0 | Qty 10
Inserted Variant: Product #94 | Color 23 | Size 7 | Price 0 | Qty 10
Response: Array
(
    [status] => success
    [product_id] => 94
    [message] => Product with variants and images added successfully
)

Inserted Variant: Product #95 | Color 16 | Size 4 | Price 0 | Qty 10
Response: Array
(
    [status] => success
    [product_id] => 95
    [message] => Product with variants and images added successfully
)

Inserted Variant: Product #96 | Color 23 | Size 5 | Price 0 | Qty 10
Response: Array
(
    [status] => success
    [product_id] => 96
    [message] => Product with variants and images added successfully
)

